// Jest Snapshot v1, https://goo.gl/fbAQLP

exports[`<Datatable/> rendering should render Datatable correctly 1`] = `
<div
  class="chakra-table__container css-d81vpl"
>
  <table
    class="chakra-table css-0"
    role="table"
  >
    <thead
      class="css-0"
    >
      <tr
        class="css-0"
        role="row"
      >
        <th
          class="css-0"
        >
          Timestamp
        </th>
        <th
          class="css-0"
        >
          Signal Group
        </th>
        <th
          class="css-0"
        >
          Status
        </th>
        <th
          class="css-0"
        >
          End time
        </th>
      </tr>
    </thead>
    <tbody
      class="css-0"
    >
      <tr
        class="css-0"
        role="row"
      >
        <td
          class="css-0"
          role="gridcell"
        >
          2019010321
        </td>
        <td
          class="css-0"
          role="gridcell"
        >
          1
        </td>
        <td
          class="css-0"
          role="gridcell"
        >
          stop
        </td>
        <td
          class="css-0"
          role="gridcell"
        >
          32492840295
        </td>
      </tr>
      <tr
        class="css-0"
        role="row"
      >
        <td
          class="css-0"
          role="gridcell"
        >
          2019010322
        </td>
        <td
          class="css-0"
          role="gridcell"
        >
          2
        </td>
        <td
          class="css-0"
          role="gridcell"
        >
          Pass
        </td>
        <td
          class="css-0"
          role="gridcell"
        >
          32492840295
        </td>
      </tr>
      <tr
        class="css-0"
        role="row"
      >
        <td
          class="css-0"
          role="gridcell"
        >
          2019010323
        </td>
        <td
          class="css-0"
          role="gridcell"
        >
          3
        </td>
        <td
          class="css-0"
          role="gridcell"
        >
          stop
        </td>
        <td
          class="css-0"
          role="gridcell"
        >
          32492840295
        </td>
      </tr>
    </tbody>
  </table>
</div>
`;
